// Jest Snapshot v1, https://goo.gl/fbAQLP

exports[`renders correctly when there are no expenses 1`] = `
<div
  className="container"
>
  <div
    className="jumbotron jumbotron-fluid"
  >
    <h2
      className="text-center"
    >
      Expenses Tracker React App
      <br />
      <img
        alt="react-logo"
        src="logo.svg"
        style={
          Object {
            "height": 50,
            "width": 50,
          }
        }
      />
    </h2>
    <div
      className="text-center"
    >
      <p>
        Total Expenditure: 
        
        <span
          className="text success"
        >
          £
          
          0
        </span>
      </p>
    </div>
    <form
      className=""
      onSubmit={[Function]}
      style={
        Object {
          "margin": 10,
        }
      }
    >
      <div
        className="row form-group"
      >
        <label
          className="col-sm-2 col-form-label"
          htmlFor="exampleEmail"
        >
          Name of Expense
        </label>
        <div
          className="col-sm-4"
        >
          <input
            className="form-control"
            id="expenseName"
            name="name"
            onChange={[Function]}
            placeholder="Expense"
            type="text"
            value=""
          />
        </div>
      </div>
      <div
        className="row form-group"
      >
        <label
          className="col-sm-2 col-form-label"
          htmlFor="exampleEmail"
        >
          Amount £
        </label>
        <div
          className="col-sm-4"
        >
          <input
            className="form-control"
            id="expenseAmount"
            name="amount"
            onChange={[Function]}
            placeholder="0.00"
            type="number"
            value=""
          />
        </div>
      </div>
      <button
        aria-label={null}
        className="btn btn-primary"
        onClick={[Function]}
        type="submit"
      >
        Add
      </button>
       
      <button
        aria-label={null}
        className="btn btn-danger"
        onClick={[Function]}
        type="submit"
      >
        Reset
      </button>
    </form>
    <div>
      <ul
        className="list-group"
      />
    </div>
  </div>
</div>
`;
